Archive member included to satisfy reference by file (symbol)

/opt/Atollic_TrueSTUDIO_for_STM32_x86_64_9.3.0/ARMTools/bin/../lib/gcc/arm-atollic-eabi/6.3.1/../../../../arm-atollic-eabi/lib/armv7e-m/fpu/libc_nano.a(lib_a-errno.o)
                              Src/syscalls.o (__errno)
/opt/Atollic_TrueSTUDIO_for_STM32_x86_64_9.3.0/ARMTools/bin/../lib/gcc/arm-atollic-eabi/6.3.1/../../../../arm-atollic-eabi/lib/armv7e-m/fpu/libc_nano.a(lib_a-impure.o)
                              /opt/Atollic_TrueSTUDIO_for_STM32_x86_64_9.3.0/ARMTools/bin/../lib/gcc/arm-atollic-eabi/6.3.1/../../../../arm-atollic-eabi/lib/armv7e-m/fpu/libc_nano.a(lib_a-errno.o) (_impure_ptr)
/opt/Atollic_TrueSTUDIO_for_STM32_x86_64_9.3.0/ARMTools/bin/../lib/gcc/arm-atollic-eabi/6.3.1/../../../../arm-atollic-eabi/lib/armv7e-m/fpu/libc_nano.a(lib_a-init.o)
                              startup/startup_stm32f429xx.o (__libc_init_array)
/opt/Atollic_TrueSTUDIO_for_STM32_x86_64_9.3.0/ARMTools/bin/../lib/gcc/arm-atollic-eabi/6.3.1/../../../../arm-atollic-eabi/lib/armv7e-m/fpu/libc_nano.a(lib_a-memset.o)
                              Src/main.o (memset)
/opt/Atollic_TrueSTUDIO_for_STM32_x86_64_9.3.0/ARMTools/bin/../lib/gcc/arm-atollic-eabi/6.3.1/armv7e-m/fpu/libgcc.a(_aeabi_uldivmod.o)
                              Drivers/STM32F4xx_HAL_Driver/Src/stm32f4xx_hal_rcc.o (__aeabi_uldivmod)
/opt/Atollic_TrueSTUDIO_for_STM32_x86_64_9.3.0/ARMTools/bin/../lib/gcc/arm-atollic-eabi/6.3.1/armv7e-m/fpu/libgcc.a(_udivmoddi4.o)
                              /opt/Atollic_TrueSTUDIO_for_STM32_x86_64_9.3.0/ARMTools/bin/../lib/gcc/arm-atollic-eabi/6.3.1/armv7e-m/fpu/libgcc.a(_aeabi_uldivmod.o) (__udivmoddi4)
/opt/Atollic_TrueSTUDIO_for_STM32_x86_64_9.3.0/ARMTools/bin/../lib/gcc/arm-atollic-eabi/6.3.1/armv7e-m/fpu/libgcc.a(_dvmd_tls.o)
                              /opt/Atollic_TrueSTUDIO_for_STM32_x86_64_9.3.0/ARMTools/bin/../lib/gcc/arm-atollic-eabi/6.3.1/armv7e-m/fpu/libgcc.a(_aeabi_uldivmod.o) (__aeabi_ldiv0)

Allocating common symbols
Common symbol       size              file

huart3              0x40              Src/main.o
hpcd_USB_OTG_FS     0x408             Src/main.o
uwTick              0x4               Drivers/STM32F4xx_HAL_Driver/Src/stm32f4xx_hal.o
pFlash              0x20              Drivers/STM32F4xx_HAL_Driver/Src/stm32f4xx_hal_flash.o
heth                0x48              Src/main.o

Discarded input sections

 .text          0x0000000000000000        0x0 /opt/Atollic_TrueSTUDIO_for_STM32_x86_64_9.3.0/ARMTools/bin/../lib/gcc/arm-atollic-eabi/6.3.1/armv7e-m/fpu/crti.o
 .data          0x0000000000000000        0x0 /opt/Atollic_TrueSTUDIO_for_STM32_x86_64_9.3.0/ARMTools/bin/../lib/gcc/arm-atollic-eabi/6.3.1/armv7e-m/fpu/crti.o
 .bss           0x0000000000000000        0x0 /opt/Atollic_TrueSTUDIO_for_STM32_x86_64_9.3.0/ARMTools/bin/../lib/gcc/arm-atollic-eabi/6.3.1/armv7e-m/fpu/crti.o
 .data          0x0000000000000000        0x4 /opt/Atollic_TrueSTUDIO_for_STM32_x86_64_9.3.0/ARMTools/bin/../lib/gcc/arm-atollic-eabi/6.3.1/armv7e-m/fpu/crtbegin.o
 .text          0x0000000000000000        0x0 Drivers/STM32F4xx_HAL_Driver/Src/stm32f4xx_hal.o
 .data          0x0000000000000000        0x0 Drivers/STM32F4xx_HAL_Driver/Src/stm32f4xx_hal.o
 .bss           0x0000000000000000        0x0 Drivers/STM32F4xx_HAL_Driver/Src/stm32f4xx_hal.o
 .text.HAL_MspInit
                0x0000000000000000        0x2 Drivers/STM32F4xx_HAL_Driver/Src/stm32f4xx_hal.o
 .text.HAL_MspDeInit
                0x0000000000000000        0x2 Drivers/STM32F4xx_HAL_Driver/Src/stm32f4xx_hal.o
 .text.HAL_DeInit
                0x0000000000000000       0x2c Drivers/STM32F4xx_HAL_Driver/Src/stm32f4xx_hal.o
 .text.HAL_GetTickPrio
                0x0000000000000000        0xc Drivers/STM32F4xx_HAL_Driver/Src/stm32f4xx_hal.o
 .text.HAL_SetTickFreq
                0x0000000000000000       0x28 Drivers/STM32F4xx_HAL_Driver/Src/stm32f4xx_hal.o
 .text.HAL_GetTickFreq
                0x0000000000000000        0xc Drivers/STM32F4xx_HAL_Driver/Src/stm32f4xx_hal.o
 .text.HAL_SuspendTick
                0x0000000000000000       0x10 Drivers/STM32F4xx_HAL_Driver/Src/stm32f4xx_hal.o
 .text.HAL_ResumeTick
                0x0000000000000000       0x10 Drivers/STM32F4xx_HAL_Driver/Src/stm32f4xx_hal.o
 .text.HAL_GetHalVersion
                0x0000000000000000        0x8 Drivers/STM32F4xx_HAL_Driver/Src/stm32f4xx_hal.o
 .text.HAL_GetREVID
                0x0000000000000000        0xc Drivers/STM32F4xx_HAL_Driver/Src/stm32f4xx_hal.o
 .text.HAL_GetDEVID
                0x0000000000000000       0x10 Drivers/STM32F4xx_HAL_Driver/Src/stm32f4xx_hal.o
 .text.HAL_DBGMCU_EnableDBGSleepMode
                0x0000000000000000       0x10 Drivers/STM32F4xx_HAL_Driver/Src/stm32f4xx_hal.o
 .text.HAL_DBGMCU_DisableDBGSleepMode
                0x0000000000000000       0x10 Drivers/STM32F4xx_HAL_Driver/Src/stm32f4xx_hal.o
 .text.HAL_DBGMCU_EnableDBGStopMode
[...]
Memory Configuration

Name             Origin             Length             Attributes
RAM              0x0000000020000000 0x0000000000030000 xrw
CCMRAM           0x0000000010000000 0x0000000000010000 xrw
FLASH            0x0000000008000000 0x0000000000200000 xr
*default*        0x0000000000000000 0xffffffffffffffff

Linker script and memory map

LOAD /opt/Atollic_TrueSTUDIO_for_STM32_x86_64_9.3.0/ARMTools/bin/../lib/gcc/arm-atollic-eabi/6.3.1/armv7e-m/fpu/crti.o
LOAD /opt/Atollic_TrueSTUDIO_for_STM32_x86_64_9.3.0/ARMTools/bin/../lib/gcc/arm-atollic-eabi/6.3.1/armv7e-m/fpu/crtbegin.o
LOAD Drivers/STM32F4xx_HAL_Driver/Src/stm32f4xx_hal.o
LOAD Drivers/STM32F4xx_HAL_Driver/Src/stm32f4xx_hal_cortex.o
LOAD Drivers/STM32F4xx_HAL_Driver/Src/stm32f4xx_hal_dma.o
LOAD Drivers/STM32F4xx_HAL_Driver/Src/stm32f4xx_hal_dma_ex.o
LOAD Drivers/STM32F4xx_HAL_Driver/Src/stm32f4xx_hal_eth.o
LOAD Drivers/STM32F4xx_HAL_Driver/Src/stm32f4xx_hal_exti.o
LOAD Drivers/STM32F4xx_HAL_Driver/Src/stm32f4xx_hal_flash.o
LOAD Drivers/STM32F4xx_HAL_Driver/Src/stm32f4xx_hal_flash_ex.o
LOAD Drivers/STM32F4xx_HAL_Driver/Src/stm32f4xx_hal_flash_ramfunc.o
LOAD Drivers/STM32F4xx_HAL_Driver/Src/stm32f4xx_hal_gpio.o
LOAD Drivers/STM32F4xx_HAL_Driver/Src/stm32f4xx_hal_pcd.o
LOAD Drivers/STM32F4xx_HAL_Driver/Src/stm32f4xx_hal_pcd_ex.o
LOAD Drivers/STM32F4xx_HAL_Driver/Src/stm32f4xx_hal_pwr.o
LOAD Drivers/STM32F4xx_HAL_Driver/Src/stm32f4xx_hal_pwr_ex.o
LOAD Drivers/STM32F4xx_HAL_Driver/Src/stm32f4xx_hal_rcc.o
LOAD Drivers/STM32F4xx_HAL_Driver/Src/stm32f4xx_hal_rcc_ex.o
LOAD Drivers/STM32F4xx_HAL_Driver/Src/stm32f4xx_hal_tim.o
LOAD Drivers/STM32F4xx_HAL_Driver/Src/stm32f4xx_hal_tim_ex.o
LOAD Drivers/STM32F4xx_HAL_Driver/Src/stm32f4xx_hal_uart.o
LOAD Drivers/STM32F4xx_HAL_Driver/Src/stm32f4xx_ll_usb.o
LOAD Src/main.o
LOAD Src/stm32f4xx_hal_msp.o
LOAD Src/stm32f4xx_it.o
LOAD Src/syscalls.o
LOAD Src/system_stm32f4xx.o
LOAD startup/startup_stm32f429xx.o
                0x0000000000000080                malloc_getpagesize_P = 0x80
START GROUP
LOAD /opt/Atollic_TrueSTUDIO_for_STM32_x86_64_9.3.0/ARMTools/bin/../lib/gcc/arm-atollic-eabi/6.3.1/../../../../arm-atollic-eabi/lib/armv7e-m/fpu/libc_nano.a
LOAD /opt/Atollic_TrueSTUDIO_for_STM32_x86_64_9.3.0/ARMTools/bin/../lib/gcc/arm-atollic-eabi/6.3.1/../../../../arm-atollic-eabi/lib/armv7e-m/fpu/libm.a
END GROUP
START GROUP
LOAD /opt/Atollic_TrueSTUDIO_for_STM32_x86_64_9.3.0/ARMTools/bin/../lib/gcc/arm-atollic-eabi/6.3.1/armv7e-m/fpu/libgcc.a
LOAD /opt/Atollic_TrueSTUDIO_for_STM32_x86_64_9.3.0/ARMTools/bin/../lib/gcc/arm-atollic-eabi/6.3.1/../../../../arm-atollic-eabi/lib/armv7e-m/fpu/libc_nano.a
END GROUP
START GROUP
LOAD /opt/Atollic_TrueSTUDIO_for_STM32_x86_64_9.3.0/ARMTools/bin/../lib/gcc/arm-atollic-eabi/6.3.1/armv7e-m/fpu/libgcc.a
LOAD /opt/Atollic_TrueSTUDIO_for_STM32_x86_64_9.3.0/ARMTools/bin/../lib/gcc/arm-atollic-eabi/6.3.1/../../../../arm-atollic-eabi/lib/armv7e-m/fpu/libc_nano.a
LOAD /opt/Atollic_TrueSTUDIO_for_STM32_x86_64_9.3.0/ARMTools/bin/../lib/gcc/arm-atollic-eabi/6.3.1/../../../../arm-atollic-eabi/lib/armv7e-m/fpu/libnosys.a
END GROUP
START GROUP
LOAD /opt/Atollic_TrueSTUDIO_for_STM32_x86_64_9.3.0/ARMTools/bin/../lib/gcc/arm-atollic-eabi/6.3.1/armv7e-m/fpu/libgcc.a
LOAD /opt/Atollic_TrueSTUDIO_for_STM32_x86_64_9.3.0/ARMTools/bin/../lib/gcc/arm-atollic-eabi/6.3.1/../../../../arm-atollic-eabi/lib/armv7e-m/fpu/libc_nano.a
LOAD /opt/Atollic_TrueSTUDIO_for_STM32_x86_64_9.3.0/ARMTools/bin/../lib/gcc/arm-atollic-eabi/6.3.1/../../../../arm-atollic-eabi/lib/armv7e-m/fpu/libnosys.a
END GROUP
LOAD /opt/Atollic_TrueSTUDIO_for_STM32_x86_64_9.3.0/ARMTools/bin/../lib/gcc/arm-atollic-eabi/6.3.1/armv7e-m/fpu/crtend.o
LOAD /opt/Atollic_TrueSTUDIO_for_STM32_x86_64_9.3.0/ARMTools/bin/../lib/gcc/arm-atollic-eabi/6.3.1/armv7e-m/fpu/crtn.o
                0x0000000020030000                _estack = 0x20030000
                0x0000000000000200                _Min_Heap_Size = 0x200
                0x0000000000000400                _Min_Stack_Size = 0x400

.isr_vector     0x0000000008000000      0x1ac
                0x0000000008000000                . = ALIGN (0x4)
 *(.isr_vector)
 .isr_vector    0x0000000008000000      0x1ac startup/startup_stm32f429xx.o
                0x0000000008000000                g_pfnVectors
                0x00000000080001ac                . = ALIGN (0x4)

.text           0x00000000080001ac     0x1b3c
                0x00000000080001ac                . = ALIGN (0x4)
 *(.text)
 .text          0x00000000080001ac       0x40 /opt/Atollic_TrueSTUDIO_for_STM32_x86_64_9.3.0/ARMTools/bin/../lib/gcc/arm-atollic-eabi/6.3.1/armv7e-m/fpu/crtbegin.o
 .text          0x00000000080001ec       0x30 /opt/Atollic_TrueSTUDIO_for_STM32_x86_64_9.3.0/ARMTools/bin/../lib/gcc/arm-atollic-eabi/6.3.1/armv7e-m/fpu/libgcc.a(_aeabi_uldivmod.o)
                0x00000000080001ec                __aeabi_uldivmod
 .text          0x000000000800021c      0x2dc /opt/Atollic_TrueSTUDIO_for_STM32_x86_64_9.3.0/ARMTools/bin/../lib/gcc/arm-atollic-eabi/6.3.1/armv7e-m/fpu/libgcc.a(_udivmoddi4.o)
                0x000000000800021c                __udivmoddi4
 .text          0x00000000080004f8        0x4 /opt/Atollic_TrueSTUDIO_for_STM32_x86_64_9.3.0/ARMTools/bin/../lib/gcc/arm-atollic-eabi/6.3.1/armv7e-m/fpu/libgcc.a(_dvmd_tls.o)
                0x00000000080004f8                __aeabi_ldiv0
                0x00000000080004f8                __aeabi_idiv0
 *(.text*)
 .text.HAL_InitTick
                0x00000000080004fc       0x48 Drivers/STM32F4xx_HAL_Driver/Src/stm32f4xx_hal.o
                0x00000000080004fc                HAL_InitTick
 .text.HAL_Init
                0x0000000008000544       0x34 Drivers/STM32F4xx_HAL_Driver/Src/stm32f4xx_hal.o
                0x0000000008000544                HAL_Init
 .text.HAL_IncTick
                0x0000000008000578       0x18 Drivers/STM32F4xx_HAL_Driver/Src/stm32f4xx_hal.o
                0x0000000008000578                HAL_IncTick
 .text.HAL_GetTick
                0x0000000008000590        0xc Drivers/STM32F4xx_HAL_Driver/Src/stm32f4xx_hal.o
                0x0000000008000590                HAL_GetTick
 .text.HAL_Delay
                0x000000000800059c       0x28 Drivers/STM32F4xx_HAL_Driver/Src/stm32f4xx_hal.o
                0x000000000800059c                HAL_Delay
 .text.HAL_NVIC_SetPriorityGrouping
                0x00000000080005c4       0x24 Drivers/STM32F4xx_HAL_Driver/Src/stm32f4xx_hal_cortex.o
                0x00000000080005c4                HAL_NVIC_SetPriorityGrouping
 .text.HAL_NVIC_SetPriority
                0x00000000080005e8       0x68 Drivers/STM32F4xx_HAL_Driver/Src/stm32f4xx_hal_cortex.o
                0x00000000080005e8                HAL_NVIC_SetPriority
 .text.HAL_SYSTICK_Config
                0x0000000008000650       0x2c Drivers/STM32F4xx_HAL_Driver/Src/stm32f4xx_hal_cortex.o
                0x0000000008000650                HAL_SYSTICK_Config
 .text.ETH_MACDMAConfig
                0x000000000800067c       0xf8 Drivers/STM32F4xx_HAL_Driver/Src/stm32f4xx_hal_eth.o
 .text.HAL_ETH_ReadPHYRegister
                0x0000000008000774       0x74 Drivers/STM32F4xx_HAL_Driver/Src/stm32f4xx_hal_eth.o
                0x0000000008000774                HAL_ETH_ReadPHYRegister
 .text.HAL_ETH_WritePHYRegister
                0x00000000080007e8       0x6e Drivers/STM32F4xx_HAL_Driver/Src/stm32f4xx_hal_eth.o
                0x00000000080007e8                HAL_ETH_WritePHYRegister
 *fill*         0x0000000008000856        0x2 
 .text.HAL_ETH_Init
                0x0000000008000858      0x1f8 Drivers/STM32F4xx_HAL_Driver/Src/stm32f4xx_hal_eth.o
                0x0000000008000858                HAL_ETH_Init
 .text.HAL_GPIO_Init
                0x0000000008000a50      0x1d8 Drivers/STM32F4xx_HAL_Driver/Src/stm32f4xx_hal_gpio.o
                0x0000000008000a50                HAL_GPIO_Init
 .text.HAL_GPIO_ReadPin
                0x0000000008000c28        0xc Drivers/STM32F4xx_HAL_Driver/Src/stm32f4xx_hal_gpio.o
                0x0000000008000c28                HAL_GPIO_ReadPin
 .text.HAL_GPIO_WritePin
                0x0000000008000c34        0xa Drivers/STM32F4xx_HAL_Driver/Src/stm32f4xx_hal_gpio.o
                0x0000000008000c34                HAL_GPIO_WritePin
 .text.HAL_GPIO_TogglePin
                0x0000000008000c3e        0xe Drivers/STM32F4xx_HAL_Driver/Src/stm32f4xx_hal_gpio.o
                0x0000000008000c3e                HAL_GPIO_TogglePin
 .text.HAL_PCD_Init
                0x0000000008000c4c      0x10e Drivers/STM32F4xx_HAL_Driver/Src/stm32f4xx_hal_pcd.o
                0x0000000008000c4c                HAL_PCD_Init
 *fill*         0x0000000008000d5a        0x2 
 .text.HAL_RCC_OscConfig
                0x0000000008000d5c      0x34c Drivers/STM32F4xx_HAL_Driver/Src/stm32f4xx_hal_rcc.o
                0x0000000008000d5c                HAL_RCC_OscConfig
 .text.HAL_RCC_GetSysClockFreq
                0x00000000080010a8       0x5c Drivers/STM32F4xx_HAL_Driver/Src/stm32f4xx_hal_rcc.o
                0x00000000080010a8                HAL_RCC_GetSysClockFreq
 .text.HAL_RCC_ClockConfig
                0x0000000008001104      0x138 Drivers/STM32F4xx_HAL_Driver/Src/stm32f4xx_hal_rcc.o
                0x0000000008001104                HAL_RCC_ClockConfig
 .text.HAL_RCC_GetHCLKFreq
                0x000000000800123c        0xc Drivers/STM32F4xx_HAL_Driver/Src/stm32f4xx_hal_rcc.o
                0x000000000800123c                HAL_RCC_GetHCLKFreq
 .text.HAL_RCC_GetPCLK1Freq
                0x0000000008001248       0x20 Drivers/STM32F4xx_HAL_Driver/Src/stm32f4xx_hal_rcc.o
                0x0000000008001248                HAL_RCC_GetPCLK1Freq
 .text.HAL_RCC_GetPCLK2Freq
                0x0000000008001268       0x20 Drivers/STM32F4xx_HAL_Driver/Src/stm32f4xx_hal_rcc.o
                0x0000000008001268                HAL_RCC_GetPCLK2Freq
 .text.UART_SetConfig
                0x0000000008001288       0xdc Drivers/STM32F4xx_HAL_Driver/Src/stm32f4xx_hal_uart.o
 .text.HAL_UART_Init
                0x0000000008001364       0x5c Drivers/STM32F4xx_HAL_Driver/Src/stm32f4xx_hal_uart.o
                0x0000000008001364                HAL_UART_Init
 .text.USB_CoreReset
                0x00000000080013c0       0x30 Drivers/STM32F4xx_HAL_Driver/Src/stm32f4xx_ll_usb.o
 .text.USB_CoreInit
                0x00000000080013f0       0x80 Drivers/STM32F4xx_HAL_Driver/Src/stm32f4xx_ll_usb.o
                0x00000000080013f0                USB_CoreInit
 .text.USB_DisableGlobalInt
                0x0000000008001470        0xc Drivers/STM32F4xx_HAL_Driver/Src/stm32f4xx_ll_usb.o
                0x0000000008001470                USB_DisableGlobalInt
 .text.USB_SetCurrentMode
                0x000000000800147c       0x2e Drivers/STM32F4xx_HAL_Driver/Src/stm32f4xx_ll_usb.o
                0x000000000800147c                USB_SetCurrentMode
 *fill*         0x00000000080014aa        0x2 
 .text.USB_FlushTxFifo
                0x00000000080014ac       0x24 Drivers/STM32F4xx_HAL_Driver/Src/stm32f4xx_ll_usb.o
                0x00000000080014ac                USB_FlushTxFifo
 .text.USB_FlushRxFifo
                0x00000000080014d0       0x20 Drivers/STM32F4xx_HAL_Driver/Src/stm32f4xx_ll_usb.o
                0x00000000080014d0                USB_FlushRxFifo
 .text.USB_SetDevSpeed
                0x00000000080014f0        0xe Drivers/STM32F4xx_HAL_Driver/Src/stm32f4xx_ll_usb.o
                0x00000000080014f0                USB_SetDevSpeed
 *fill*         0x00000000080014fe        0x2 
 .text.USB_DevInit
                0x0000000008001500      0x174 Drivers/STM32F4xx_HAL_Driver/Src/stm32f4xx_ll_usb.o
                0x0000000008001500                USB_DevInit
 .text.USB_DevDisconnect
                0x0000000008001674       0x18 Drivers/STM32F4xx_HAL_Driver/Src/stm32f4xx_ll_usb.o
                0x0000000008001674                USB_DevDisconnect
 .text.SystemClock_Config
                0x000000000800168c       0x98 Src/main.o
                0x000000000800168c                SystemClock_Config
 .text.order_switch_test
                0x0000000008001724       0x30 Src/main.o
                0x0000000008001724                order_switch_test
 .text.startup.main
                0x0000000008001754      0x25c Src/main.o
                0x0000000008001754                main
 .text.HAL_MspInit
                0x00000000080019b0       0x38 Src/stm32f4xx_hal_msp.o
                0x00000000080019b0                HAL_MspInit
 .text.HAL_ETH_MspInit
                0x00000000080019e8      0x11c Src/stm32f4xx_hal_msp.o
                0x00000000080019e8                HAL_ETH_MspInit
 .text.HAL_UART_MspInit
                0x0000000008001b04       0x6c Src/stm32f4xx_hal_msp.o
                0x0000000008001b04                HAL_UART_MspInit
 .text.HAL_PCD_MspInit
                0x0000000008001b70       0x84 Src/stm32f4xx_hal_msp.o
                0x0000000008001b70                HAL_PCD_MspInit
 .text.NMI_Handler
                0x0000000008001bf4        0x2 Src/stm32f4xx_it.o
                0x0000000008001bf4                NMI_Handler
 .text.HardFault_Handler
                0x0000000008001bf6        0x2 Src/stm32f4xx_it.o
                0x0000000008001bf6                HardFault_Handler
 .text.MemManage_Handler
                0x0000000008001bf8        0x2 Src/stm32f4xx_it.o
                0x0000000008001bf8                MemManage_Handler
 .text.BusFault_Handler
                0x0000000008001bfa        0x2 Src/stm32f4xx_it.o
                0x0000000008001bfa                BusFault_Handler
 .text.UsageFault_Handler
                0x0000000008001bfc        0x2 Src/stm32f4xx_it.o
                0x0000000008001bfc                UsageFault_Handler
 .text.SVC_Handler
                0x0000000008001bfe        0x2 Src/stm32f4xx_it.o
                0x0000000008001bfe                SVC_Handler
 .text.DebugMon_Handler
                0x0000000008001c00        0x2 Src/stm32f4xx_it.o
                0x0000000008001c00                DebugMon_Handler
 .text.PendSV_Handler
                0x0000000008001c02        0x2 Src/stm32f4xx_it.o
                0x0000000008001c02                PendSV_Handler
 .text.SysTick_Handler
                0x0000000008001c04        0x4 Src/stm32f4xx_it.o
                0x0000000008001c04                SysTick_Handler
 .text.SystemInit
                0x0000000008001c08       0x1c Src/system_stm32f4xx.o
                0x0000000008001c08                SystemInit
 .text.Reset_Handler
                0x0000000008001c24       0x50 startup/startup_stm32f429xx.o
                0x0000000008001c24                Reset_Handler
 .text.Default_Handler
                0x0000000008001c74        0x2 startup/startup_stm32f429xx.o
                0x0000000008001c74                RTC_Alarm_IRQHandler
                0x0000000008001c74                HASH_RNG_IRQHandler
                0x0000000008001c74                EXTI2_IRQHandler
                0x0000000008001c74                TIM8_CC_IRQHandler
                0x0000000008001c74                UART8_IRQHandler
                0x0000000008001c74                SPI4_IRQHandler
                0x0000000008001c74                TIM1_CC_IRQHandler
                0x0000000008001c74                DMA2_Stream5_IRQHandler
                0x0000000008001c74                DMA1_Stream5_IRQHandler
                0x0000000008001c74                PVD_IRQHandler
                0x0000000008001c74                SDIO_IRQHandler
                0x0000000008001c74                TAMP_STAMP_IRQHandler
                0x0000000008001c74                CAN2_RX1_IRQHandler
                0x0000000008001c74                EXTI3_IRQHandler
                0x0000000008001c74                TIM8_TRG_COM_TIM14_IRQHandler
                0x0000000008001c74                TIM1_UP_TIM10_IRQHandler
                0x0000000008001c74                TIM8_UP_TIM13_IRQHandler
                0x0000000008001c74                I2C3_ER_IRQHandler
                0x0000000008001c74                EXTI0_IRQHandler
                0x0000000008001c74                I2C2_EV_IRQHandler
                0x0000000008001c74                DMA1_Stream2_IRQHandler
                0x0000000008001c74                CAN1_RX0_IRQHandler
                0x0000000008001c74                FPU_IRQHandler
                0x0000000008001c74                OTG_HS_WKUP_IRQHandler
                0x0000000008001c74                LTDC_ER_IRQHandler
                0x0000000008001c74                CAN2_SCE_IRQHandler
                0x0000000008001c74                DMA2_Stream2_IRQHandler
                0x0000000008001c74                SPI1_IRQHandler
                0x0000000008001c74                TIM6_DAC_IRQHandler
                0x0000000008001c74                TIM1_BRK_TIM9_IRQHandler
                0x0000000008001c74                DCMI_IRQHandler
                0x0000000008001c74                CAN2_RX0_IRQHandler
                0x0000000008001c74                DMA2_Stream3_IRQHandler
                0x0000000008001c74                USART6_IRQHandler
                0x0000000008001c74                USART3_IRQHandler
                0x0000000008001c74                CAN1_RX1_IRQHandler
                0x0000000008001c74                UART5_IRQHandler
                0x0000000008001c74                DMA2_Stream0_IRQHandler
                0x0000000008001c74                TIM4_IRQHandler
                0x0000000008001c74                I2C1_EV_IRQHandler
                0x0000000008001c74                DMA1_Stream6_IRQHandler
                0x0000000008001c74                DMA1_Stream1_IRQHandler
                0x0000000008001c74                UART4_IRQHandler
                0x0000000008001c74                TIM3_IRQHandler
                0x0000000008001c74                RCC_IRQHandler
                0x0000000008001c74                TIM8_BRK_TIM12_IRQHandler
                0x0000000008001c74                Default_Handler
                0x0000000008001c74                EXTI15_10_IRQHandler
                0x0000000008001c74                ADC_IRQHandler
                0x0000000008001c74                DMA1_Stream7_IRQHandler
                0x0000000008001c74                SPI5_IRQHandler
                0x0000000008001c74                TIM7_IRQHandler
                0x0000000008001c74                CAN2_TX_IRQHandler
                0x0000000008001c74                TIM5_IRQHandler
                0x0000000008001c74                DMA2_Stream7_IRQHandler
                0x0000000008001c74                I2C3_EV_IRQHandler
                0x0000000008001c74                EXTI9_5_IRQHandler
                0x0000000008001c74                RTC_WKUP_IRQHandler
                0x0000000008001c74                LTDC_IRQHandler
                0x0000000008001c74                ETH_WKUP_IRQHandler
                0x0000000008001c74                SPI2_IRQHandler
                0x0000000008001c74                OTG_HS_EP1_IN_IRQHandler
                0x0000000008001c74                DMA1_Stream0_IRQHandler
                0x0000000008001c74                CAN1_TX_IRQHandler
                0x0000000008001c74                EXTI4_IRQHandler
                0x0000000008001c74                ETH_IRQHandler
                0x0000000008001c74                OTG_HS_EP1_OUT_IRQHandler
                0x0000000008001c74                WWDG_IRQHandler
                0x0000000008001c74                SPI6_IRQHandler
                0x0000000008001c74                TIM2_IRQHandler
                0x0000000008001c74                OTG_FS_WKUP_IRQHandler
                0x0000000008001c74                TIM1_TRG_COM_TIM11_IRQHandler
                0x0000000008001c74                OTG_HS_IRQHandler
                0x0000000008001c74                DMA2D_IRQHandler
                0x0000000008001c74                EXTI1_IRQHandler
                0x0000000008001c74                UART7_IRQHandler
                0x0000000008001c74                USART2_IRQHandler
                0x0000000008001c74                I2C2_ER_IRQHandler
                0x0000000008001c74                DMA2_Stream1_IRQHandler
                0x0000000008001c74                CAN1_SCE_IRQHandler
                0x0000000008001c74                FLASH_IRQHandler
                0x0000000008001c74                DMA2_Stream4_IRQHandler
                0x0000000008001c74                USART1_IRQHandler
                0x0000000008001c74                OTG_FS_IRQHandler
                0x0000000008001c74                SPI3_IRQHandler
                0x0000000008001c74                DMA1_Stream4_IRQHandler
                0x0000000008001c74                I2C1_ER_IRQHandler
                0x0000000008001c74                FMC_IRQHandler
                0x0000000008001c74                DMA2_Stream6_IRQHandler
                0x0000000008001c74                SAI1_IRQHandler
                0x0000000008001c74                DMA1_Stream3_IRQHandler
 *fill*         0x0000000008001c76        0x2 
 .text.__libc_init_array
                0x0000000008001c78       0x48 /opt/Atollic_TrueSTUDIO_for_STM32_x86_64_9.3.0/ARMTools/bin/../lib/gcc/arm-atollic-eabi/6.3.1/../../../../arm-atollic-eabi/lib/armv7e-m/fpu/libc_nano.a(lib_a-init.o)
                0x0000000008001c78                __libc_init_array
 .text.memset   0x0000000008001cc0       0x10 /opt/Atollic_TrueSTUDIO_for_STM32_x86_64_9.3.0/ARMTools/bin/../lib/gcc/arm-atollic-eabi/6.3.1/../../../../arm-atollic-eabi/lib/armv7e-m/fpu/libc_nano.a(lib_a-memset.o)
                0x0000000008001cc0                memset
 *(.glue_7)
 .glue_7        0x0000000008001cd0        0x0 linker stubs
 *(.glue_7t)
 .glue_7t       0x0000000008001cd0        0x0 linker stubs
 *(.eh_frame)
 .eh_frame      0x0000000008001cd0        0x0 /opt/Atollic_TrueSTUDIO_for_STM32_x86_64_9.3.0/ARMTools/bin/../lib/gcc/arm-atollic-eabi/6.3.1/armv7e-m/fpu/crtbegin.o
 *(.init)
 .init          0x0000000008001cd0        0x4 /opt/Atollic_TrueSTUDIO_for_STM32_x86_64_9.3.0/ARMTools/bin/../lib/gcc/arm-atollic-eabi/6.3.1/armv7e-m/fpu/crti.o
                0x0000000008001cd0                _init
 .init          0x0000000008001cd4        0x8 /opt/Atollic_TrueSTUDIO_for_STM32_x86_64_9.3.0/ARMTools/bin/../lib/gcc/arm-atollic-eabi/6.3.1/armv7e-m/fpu/crtn.o
 *(.fini)
 .fini          0x0000000008001cdc        0x4 /opt/Atollic_TrueSTUDIO_for_STM32_x86_64_9.3.0/ARMTools/bin/../lib/gcc/arm-atollic-eabi/6.3.1/armv7e-m/fpu/crti.o
                0x0000000008001cdc                _fini
 .fini          0x0000000008001ce0        0x8 /opt/Atollic_TrueSTUDIO_for_STM32_x86_64_9.3.0/ARMTools/bin/../lib/gcc/arm-atollic-eabi/6.3.1/armv7e-m/fpu/crtn.o
                0x0000000008001ce8                . = ALIGN (0x4)
                0x0000000008001ce8                _etext = .

.vfp11_veneer   0x0000000008001ce8        0x0
 .vfp11_veneer  0x0000000008001ce8        0x0 linker stubs

.v4_bx          0x0000000008001ce8        0x0
 .v4_bx         0x0000000008001ce8        0x0 linker stubs

.iplt           0x0000000008001ce8        0x0
 .iplt          0x0000000008001ce8        0x0 /opt/Atollic_TrueSTUDIO_for_STM32_x86_64_9.3.0/ARMTools/bin/../lib/gcc/arm-atollic-eabi/6.3.1/armv7e-m/fpu/crtbegin.o

.rodata         0x0000000008001ce8       0x18
                0x0000000008001ce8                . = ALIGN (0x4)
 *(.rodata)
 *(.rodata*)
 .rodata.AHBPrescTable
                0x0000000008001ce8       0x10 Src/system_stm32f4xx.o
                0x0000000008001ce8                AHBPrescTable
 .rodata.APBPrescTable
                0x0000000008001cf8        0x8 Src/system_stm32f4xx.o
                0x0000000008001cf8                APBPrescTable
                0x0000000008001d00                . = ALIGN (0x4)

.ARM.extab
 *(.ARM.extab* .gnu.linkonce.armextab.*)

.ARM            0x0000000008001d00        0x8
                0x0000000008001d00                __exidx_start = .
 *(.ARM.exidx*)
 .ARM.exidx     0x0000000008001d00        0x8 /opt/Atollic_TrueSTUDIO_for_STM32_x86_64_9.3.0/ARMTools/bin/../lib/gcc/arm-atollic-eabi/6.3.1/armv7e-m/fpu/libgcc.a(_udivmoddi4.o)
                0x0000000008001d08                __exidx_end = .

.rel.dyn        0x0000000008001d08        0x0
 .rel.iplt      0x0000000008001d08        0x0 /opt/Atollic_TrueSTUDIO_for_STM32_x86_64_9.3.0/ARMTools/bin/../lib/gcc/arm-atollic-eabi/6.3.1/armv7e-m/fpu/crtbegin.o

.preinit_array  0x0000000008001d08        0x0
                0x0000000008001d08                PROVIDE (__preinit_array_start, .)
 *(.preinit_array*)
                0x0000000008001d08                PROVIDE (__preinit_array_end, .)

.init_array     0x0000000008001d08        0x4
                0x0000000008001d08                PROVIDE (__init_array_start, .)
 *(SORT(.init_array.*))
 *(.init_array*)
 .init_array    0x0000000008001d08        0x4 /opt/Atollic_TrueSTUDIO_for_STM32_x86_64_9.3.0/ARMTools/bin/../lib/gcc/arm-atollic-eabi/6.3.1/armv7e-m/fpu/crtbegin.o
                0x0000000008001d0c                PROVIDE (__init_array_end, .)

.fini_array     0x0000000008001d0c        0x4
                [!provide]                        PROVIDE (__fini_array_start, .)
 *(SORT(.fini_array.*))
 *(.fini_array*)
 .fini_array    0x0000000008001d0c        0x4 /opt/Atollic_TrueSTUDIO_for_STM32_x86_64_9.3.0/ARMTools/bin/../lib/gcc/arm-atollic-eabi/6.3.1/armv7e-m/fpu/crtbegin.o
                [!provide]                        PROVIDE (__fini_array_end, .)
                0x0000000008001d10                _sidata = LOADADDR (.data)

.data           0x0000000020000000       0x10 load address 0x0000000008001d10
                0x0000000020000000                . = ALIGN (0x4)
                0x0000000020000000                _sdata = .
 *(.data)
 *(.data*)
 .data.uwTickFreq
                0x0000000020000000        0x1 Drivers/STM32F4xx_HAL_Driver/Src/stm32f4xx_hal.o
                0x0000000020000000                uwTickFreq
 *fill*         0x0000000020000001        0x3 
 .data.uwTickPrio
                0x0000000020000004        0x4 Drivers/STM32F4xx_HAL_Driver/Src/stm32f4xx_hal.o
                0x0000000020000004                uwTickPrio
 .data.leds_order
                0x0000000020000008        0x4 Src/main.o
                0x0000000020000008                leds_order
 .data.SystemCoreClock
                0x000000002000000c        0x4 Src/system_stm32f4xx.o
                0x000000002000000c                SystemCoreClock
                0x0000000020000010                . = ALIGN (0x4)
                0x0000000020000010                _edata = .
                0x0000000008001d20                _siccmram = LOADADDR (.ccmram)

.igot.plt       0x0000000020000010        0x0 load address 0x0000000008001d20
 .igot.plt      0x0000000020000010        0x0 /opt/Atollic_TrueSTUDIO_for_STM32_x86_64_9.3.0/ARMTools/bin/../lib/gcc/arm-atollic-eabi/6.3.1/armv7e-m/fpu/crtbegin.o

.ccmram         0x0000000010000000        0x0 load address 0x0000000008001d20
                0x0000000010000000                . = ALIGN (0x4)
                0x0000000010000000                _sccmram = .
 *(.ccmram)
 *(.ccmram*)
                0x0000000010000000                . = ALIGN (0x4)
                0x0000000010000000                _eccmram = .
                0x0000000010000000                . = ALIGN (0x4)

.bss            0x0000000020000010      0x4b0
                0x0000000020000010                _sbss = .
                0x0000000020000010                __bss_start__ = _sbss
 *(.bss)
 .bss           0x0000000020000010       0x1c /opt/Atollic_TrueSTUDIO_for_STM32_x86_64_9.3.0/ARMTools/bin/../lib/gcc/arm-atollic-eabi/6.3.1/armv7e-m/fpu/crtbegin.o
 *(.bss*)
 *(COMMON)
 COMMON         0x000000002000002c        0x4 Drivers/STM32F4xx_HAL_Driver/Src/stm32f4xx_hal.o
                0x000000002000002c                uwTick
 COMMON         0x0000000020000030      0x490 Src/main.o
                0x0000000020000030                huart3
                0x0000000020000070                hpcd_USB_OTG_FS
                0x0000000020000478                heth
                0x00000000200004c0                . = ALIGN (0x4)
                0x00000000200004c0                _ebss = .
                0x00000000200004c0                __bss_end__ = _ebss

._user_heap_stack
                0x00000000200004c0      0x600
                0x00000000200004c0                . = ALIGN (0x4)
                0x00000000200004c0                PROVIDE (end, .)
                [!provide]                        PROVIDE (_end, .)
                0x00000000200006c0                . = (. + _Min_Heap_Size)
 *fill*         0x00000000200004c0      0x200 
                0x0000000020000ac0                . = (. + _Min_Stack_Size)
 *fill*         0x00000000200006c0      0x400 
                0x0000000020000ac0                . = ALIGN (0x4)

/DISCARD/
 libc.a(*)
 libm.a(*)
 libgcc.a(*)

.ARM.attributes
                0x0000000000000000       0x30
 *(.ARM.attributes)
 .ARM.attributes
                0x0000000000000000       0x22 /opt/Atollic_TrueSTUDIO_for_STM32_x86_64_9.3.0/ARMTools/bin/../lib/gcc/arm-atollic-eabi/6.3.1/armv7e-m/fpu/crti.o
 .ARM.attributes
                0x0000000000000022       0x34 /opt/Atollic_TrueSTUDIO_for_STM32_x86_64_9.3.0/ARMTools/bin/../lib/gcc/arm-atollic-eabi/6.3.1/armv7e-m/fpu/crtbegin.o
 .ARM.attributes
                0x0000000000000056       0x39 Drivers/STM32F4xx_HAL_Driver/Src/stm32f4xx_hal.o
 .ARM.attributes
                0x000000000000008f       0x39 Drivers/STM32F4xx_HAL_Driver/Src/stm32f4xx_hal_cortex.o
 .ARM.attributes
                0x00000000000000c8       0x39 Drivers/STM32F4xx_HAL_Driver/Src/stm32f4xx_hal_eth.o
 .ARM.attributes
                0x0000000000000101       0x39 Drivers/STM32F4xx_HAL_Driver/Src/stm32f4xx_hal_gpio.o
 .ARM.attributes
                0x000000000000013a       0x39 Drivers/STM32F4xx_HAL_Driver/Src/stm32f4xx_hal_pcd.o
 .ARM.attributes
                0x0000000000000173       0x39 Drivers/STM32F4xx_HAL_Driver/Src/stm32f4xx_hal_rcc.o
 .ARM.attributes
                0x00000000000001ac       0x39 Drivers/STM32F4xx_HAL_Driver/Src/stm32f4xx_hal_uart.o
 .ARM.attributes
                0x00000000000001e5       0x39 Drivers/STM32F4xx_HAL_Driver/Src/stm32f4xx_ll_usb.o
 .ARM.attributes
                0x000000000000021e       0x39 Src/main.o
 .ARM.attributes
                0x0000000000000257       0x39 Src/stm32f4xx_hal_msp.o
 .ARM.attributes
                0x0000000000000290       0x39 Src/stm32f4xx_it.o
 .ARM.attributes
                0x00000000000002c9       0x39 Src/system_stm32f4xx.o
 .ARM.attributes
                0x0000000000000302       0x21 startup/startup_stm32f429xx.o
 .ARM.attributes
                0x0000000000000323       0x34 /opt/Atollic_TrueSTUDIO_for_STM32_x86_64_9.3.0/ARMTools/bin/../lib/gcc/arm-atollic-eabi/6.3.1/../../../../arm-atollic-eabi/lib/armv7e-m/fpu/libc_nano.a(lib_a-init.o)
 .ARM.attributes
                0x0000000000000357       0x34 /opt/Atollic_TrueSTUDIO_for_STM32_x86_64_9.3.0/ARMTools/bin/../lib/gcc/arm-atollic-eabi/6.3.1/../../../../arm-atollic-eabi/lib/armv7e-m/fpu/libc_nano.a(lib_a-memset.o)
 .ARM.attributes
                0x000000000000038b       0x22 /opt/Atollic_TrueSTUDIO_for_STM32_x86_64_9.3.0/ARMTools/bin/../lib/gcc/arm-atollic-eabi/6.3.1/armv7e-m/fpu/libgcc.a(_aeabi_uldivmod.o)
 .ARM.attributes
                0x00000000000003ad       0x34 /opt/Atollic_TrueSTUDIO_for_STM32_x86_64_9.3.0/ARMTools/bin/../lib/gcc/arm-atollic-eabi/6.3.1/armv7e-m/fpu/libgcc.a(_udivmoddi4.o)
 .ARM.attributes
                0x00000000000003e1       0x22 /opt/Atollic_TrueSTUDIO_for_STM32_x86_64_9.3.0/ARMTools/bin/../lib/gcc/arm-atollic-eabi/6.3.1/armv7e-m/fpu/libgcc.a(_dvmd_tls.o)
 .ARM.attributes
                0x0000000000000403       0x22 /opt/Atollic_TrueSTUDIO_for_STM32_x86_64_9.3.0/ARMTools/bin/../lib/gcc/arm-atollic-eabi/6.3.1/armv7e-m/fpu/crtn.o
OUTPUT(STM_32_First_Project.elf elf32-littlearm)

.debug_info     0x0000000000000000     0xcaba
 .debug_info    0x0000000000000000      0xa88 Drivers/STM32F4xx_HAL_Driver/Src/stm32f4xx_hal.o
 .debug_info    0x0000000000000a88      0xfc0 Drivers/STM32F4xx_HAL_Driver/Src/stm32f4xx_hal_cortex.o
 .debug_info    0x0000000000001a48     0x19f1 Drivers/STM32F4xx_HAL_Driver/Src/stm32f4xx_hal_eth.o
 .debug_info    0x0000000000003439      0x7e0 Drivers/STM32F4xx_HAL_Driver/Src/stm32f4xx_hal_gpio.o
 .debug_info    0x0000000000003c19     0x171d Drivers/STM32F4xx_HAL_Driver/Src/stm32f4xx_hal_pcd.o
 .debug_info    0x0000000000005336      0xac7 Drivers/STM32F4xx_HAL_Driver/Src/stm32f4xx_hal_rcc.o
 .debug_info    0x0000000000005dfd     0x16b0 Drivers/STM32F4xx_HAL_Driver/Src/stm32f4xx_hal_uart.o
 .debug_info    0x00000000000074ad     0x1ba3 Drivers/STM32F4xx_HAL_Driver/Src/stm32f4xx_ll_usb.o
 .debug_info    0x0000000000009050     0x1b23 Src/main.o
 .debug_info    0x000000000000ab73     0x1740 Src/stm32f4xx_hal_msp.o
 .debug_info    0x000000000000c2b3      0x20d Src/stm32f4xx_it.o
 .debug_info    0x000000000000c4c0      0x575 Src/system_stm32f4xx.o
 .debug_info    0x000000000000ca35       0x85 startup/startup_stm32f429xx.o

.debug_abbrev   0x0000000000000000     0x1ec1
 .debug_abbrev  0x0000000000000000      0x239 Drivers/STM32F4xx_HAL_Driver/Src/stm32f4xx_hal.o
 .debug_abbrev  0x0000000000000239      0x314 Drivers/STM32F4xx_HAL_Driver/Src/stm32f4xx_hal_cortex.o
 .debug_abbrev  0x000000000000054d      0x357 Drivers/STM32F4xx_HAL_Driver/Src/stm32f4xx_hal_eth.o
 .debug_abbrev  0x00000000000008a4      0x1ef Drivers/STM32F4xx_HAL_Driver/Src/stm32f4xx_hal_gpio.o
 .debug_abbrev  0x0000000000000a93      0x35f Drivers/STM32F4xx_HAL_Driver/Src/stm32f4xx_hal_pcd.o
 .debug_abbrev  0x0000000000000df2      0x2cb Drivers/STM32F4xx_HAL_Driver/Src/stm32f4xx_hal_rcc.o
 .debug_abbrev  0x00000000000010bd      0x313 Drivers/STM32F4xx_HAL_Driver/Src/stm32f4xx_hal_uart.o
 .debug_abbrev  0x00000000000013d0      0x33b Drivers/STM32F4xx_HAL_Driver/Src/stm32f4xx_ll_usb.o
 .debug_abbrev  0x000000000000170b      0x31c Src/main.o
 .debug_abbrev  0x0000000000001a27      0x250 Src/stm32f4xx_hal_msp.o
 .debug_abbrev  0x0000000000001c77      0x112 Src/stm32f4xx_it.o
 .debug_abbrev  0x0000000000001d89      0x126 Src/system_stm32f4xx.o
 .debug_abbrev  0x0000000000001eaf       0x12 startup/startup_stm32f429xx.o

.debug_loc      0x0000000000000000     0x56d1
 .debug_loc     0x0000000000000000      0x12e Drivers/STM32F4xx_HAL_Driver/Src/stm32f4xx_hal.o
 .debug_loc     0x000000000000012e      0x4fb Drivers/STM32F4xx_HAL_Driver/Src/stm32f4xx_hal_cortex.o
 .debug_loc     0x0000000000000629      0xc76 Drivers/STM32F4xx_HAL_Driver/Src/stm32f4xx_hal_eth.o
 .debug_loc     0x000000000000129f      0x357 Drivers/STM32F4xx_HAL_Driver/Src/stm32f4xx_hal_gpio.o
 .debug_loc     0x00000000000015f6      0xc28 Drivers/STM32F4xx_HAL_Driver/Src/stm32f4xx_hal_pcd.o
 .debug_loc     0x000000000000221e      0x346 Drivers/STM32F4xx_HAL_Driver/Src/stm32f4xx_hal_rcc.o
 .debug_loc     0x0000000000002564     0x1350 Drivers/STM32F4xx_HAL_Driver/Src/stm32f4xx_hal_uart.o
 .debug_loc     0x00000000000038b4     0x1b63 Drivers/STM32F4xx_HAL_Driver/Src/stm32f4xx_ll_usb.o
 .debug_loc     0x0000000000005417       0x96 Src/main.o
 .debug_loc     0x00000000000054ad      0x108 Src/stm32f4xx_hal_msp.o
 .debug_loc     0x00000000000055b5      0x11c Src/system_stm32f4xx.o

.debug_aranges  0x0000000000000000      0x818
 .debug_aranges
                0x0000000000000000       0xf8 Drivers/STM32F4xx_HAL_Driver/Src/stm32f4xx_hal.o
 .debug_aranges
                0x00000000000000f8       0xa8 Drivers/STM32F4xx_HAL_Driver/Src/stm32f4xx_hal_cortex.o
 .debug_aranges
                0x00000000000001a0       0xb0 Drivers/STM32F4xx_HAL_Driver/Src/stm32f4xx_hal_eth.o
 .debug_aranges
                0x0000000000000250       0x58 Drivers/STM32F4xx_HAL_Driver/Src/stm32f4xx_hal_gpio.o
 .debug_aranges
                0x00000000000002a8       0xc0 Drivers/STM32F4xx_HAL_Driver/Src/stm32f4xx_hal_pcd.o
 .debug_aranges
                0x0000000000000368       0x88 Drivers/STM32F4xx_HAL_Driver/Src/stm32f4xx_hal_rcc.o
 .debug_aranges
                0x00000000000003f0      0x170 Drivers/STM32F4xx_HAL_Driver/Src/stm32f4xx_hal_uart.o
 .debug_aranges
                0x0000000000000560      0x198 Drivers/STM32F4xx_HAL_Driver/Src/stm32f4xx_ll_usb.o
 .debug_aranges
                0x00000000000006f8       0x38 Src/main.o
 .debug_aranges
                0x0000000000000730       0x50 Src/stm32f4xx_hal_msp.o
 .debug_aranges
                0x0000000000000780       0x48 Src/stm32f4xx_it.o
 .debug_aranges
                0x00000000000007c8       0x28 Src/system_stm32f4xx.o
 .debug_aranges
                0x00000000000007f0       0x28 startup/startup_stm32f429xx.o

.debug_ranges   0x0000000000000000      0x9d0
 .debug_ranges  0x0000000000000000       0xe8 Drivers/STM32F4xx_HAL_Driver/Src/stm32f4xx_hal.o
 .debug_ranges  0x00000000000000e8      0x128 Drivers/STM32F4xx_HAL_Driver/Src/stm32f4xx_hal_cortex.o
 .debug_ranges  0x0000000000000210      0x108 Drivers/STM32F4xx_HAL_Driver/Src/stm32f4xx_hal_eth.o
 .debug_ranges  0x0000000000000318       0x68 Drivers/STM32F4xx_HAL_Driver/Src/stm32f4xx_hal_gpio.o
 .debug_ranges  0x0000000000000380       0xd0 Drivers/STM32F4xx_HAL_Driver/Src/stm32f4xx_hal_pcd.o
 .debug_ranges  0x0000000000000450       0xb0 Drivers/STM32F4xx_HAL_Driver/Src/stm32f4xx_hal_rcc.o
 .debug_ranges  0x0000000000000500      0x178 Drivers/STM32F4xx_HAL_Driver/Src/stm32f4xx_hal_uart.o
 .debug_ranges  0x0000000000000678      0x1a0 Drivers/STM32F4xx_HAL_Driver/Src/stm32f4xx_ll_usb.o
 .debug_ranges  0x0000000000000818       0xa8 Src/main.o
 .debug_ranges  0x00000000000008c0       0xa0 Src/stm32f4xx_hal_msp.o
 .debug_ranges  0x0000000000000960       0x38 Src/stm32f4xx_it.o
 .debug_ranges  0x0000000000000998       0x18 Src/system_stm32f4xx.o
 .debug_ranges  0x00000000000009b0       0x20 startup/startup_stm32f429xx.o

.debug_line     0x0000000000000000     0x41b7
 .debug_line    0x0000000000000000      0x42c Drivers/STM32F4xx_HAL_Driver/Src/stm32f4xx_hal.o
 .debug_line    0x000000000000042c      0x453 Drivers/STM32F4xx_HAL_Driver/Src/stm32f4xx_hal_cortex.o
 .debug_line    0x000000000000087f      0x8fe Drivers/STM32F4xx_HAL_Driver/Src/stm32f4xx_hal_eth.o
 .debug_line    0x000000000000117d      0x3f0 Drivers/STM32F4xx_HAL_Driver/Src/stm32f4xx_hal_gpio.o
 .debug_line    0x000000000000156d      0x72b Drivers/STM32F4xx_HAL_Driver/Src/stm32f4xx_hal_pcd.o
 .debug_line    0x0000000000001c98      0x504 Drivers/STM32F4xx_HAL_Driver/Src/stm32f4xx_hal_rcc.o
 .debug_line    0x000000000000219c      0xb7f Drivers/STM32F4xx_HAL_Driver/Src/stm32f4xx_hal_uart.o
 .debug_line    0x0000000000002d1b      0x936 Drivers/STM32F4xx_HAL_Driver/Src/stm32f4xx_ll_usb.o
 .debug_line    0x0000000000003651      0x38f Src/main.o
 .debug_line    0x00000000000039e0      0x35b Src/stm32f4xx_hal_msp.o
 .debug_line    0x0000000000003d3b      0x207 Src/stm32f4xx_it.o
 .debug_line    0x0000000000003f42      0x1f7 Src/system_stm32f4xx.o
 .debug_line    0x0000000000004139       0x7e startup/startup_stm32f429xx.o

.debug_str      0x0000000000000000     0x3acc
 .debug_str     0x0000000000000000      0xc18 Drivers/STM32F4xx_HAL_Driver/Src/stm32f4xx_hal.o
                                        0xc81 (size before relaxing)
 .debug_str     0x0000000000000c18      0x4a3 Drivers/STM32F4xx_HAL_Driver/Src/stm32f4xx_hal_cortex.o
                                        0xd72 (size before relaxing)
 .debug_str     0x00000000000010bb      0xbb7 Drivers/STM32F4xx_HAL_Driver/Src/stm32f4xx_hal_eth.o
                                        0xffd (size before relaxing)
 .debug_str     0x0000000000001c72      0x19a Drivers/STM32F4xx_HAL_Driver/Src/stm32f4xx_hal_gpio.o
                                        0x5e7 (size before relaxing)
 .debug_str     0x0000000000001e0c      0xac9 Drivers/STM32F4xx_HAL_Driver/Src/stm32f4xx_hal_pcd.o
                                        0xe1a (size before relaxing)
 .debug_str     0x00000000000028d5      0x2e0 Drivers/STM32F4xx_HAL_Driver/Src/stm32f4xx_hal_rcc.o
                                        0x7c5 (size before relaxing)
 .debug_str     0x0000000000002bb5      0x90a Drivers/STM32F4xx_HAL_Driver/Src/stm32f4xx_hal_uart.o
                                        0xd15 (size before relaxing)
 .debug_str     0x00000000000034bf      0x42f Drivers/STM32F4xx_HAL_Driver/Src/stm32f4xx_ll_usb.o
                                        0xd30 (size before relaxing)
 .debug_str     0x00000000000038ee       0xd8 Src/main.o
                                       0x128a (size before relaxing)
 .debug_str     0x00000000000039c6       0x1b Src/stm32f4xx_hal_msp.o
                                       0x1061 (size before relaxing)
 .debug_str     0x00000000000039e1       0xa6 Src/stm32f4xx_it.o
                                        0x344 (size before relaxing)
 .debug_str     0x0000000000003a87       0x45 Src/system_stm32f4xx.o
                                        0x44b (size before relaxing)

.comment        0x0000000000000000       0x7c
 .comment       0x0000000000000000       0x7c Drivers/STM32F4xx_HAL_Driver/Src/stm32f4xx_hal.o
                                         0x7d (size before relaxing)
 .comment       0x000000000000007c       0x7d Drivers/STM32F4xx_HAL_Driver/Src/stm32f4xx_hal_cortex.o
 .comment       0x000000000000007c       0x7d Drivers/STM32F4xx_HAL_Driver/Src/stm32f4xx_hal_eth.o
 .comment       0x000000000000007c       0x7d Drivers/STM32F4xx_HAL_Driver/Src/stm32f4xx_hal_gpio.o
 .comment       0x000000000000007c       0x7d Drivers/STM32F4xx_HAL_Driver/Src/stm32f4xx_hal_pcd.o
 .comment       0x000000000000007c       0x7d Drivers/STM32F4xx_HAL_Driver/Src/stm32f4xx_hal_rcc.o
 .comment       0x000000000000007c       0x7d Drivers/STM32F4xx_HAL_Driver/Src/stm32f4xx_hal_uart.o
 .comment       0x000000000000007c       0x7d Drivers/STM32F4xx_HAL_Driver/Src/stm32f4xx_ll_usb.o
 .comment       0x000000000000007c       0x7d Src/main.o
 .comment       0x000000000000007c       0x7d Src/stm32f4xx_hal_msp.o
 .comment       0x000000000000007c       0x7d Src/stm32f4xx_it.o
 .comment       0x000000000000007c       0x7d Src/system_stm32f4xx.o

.debug_frame    0x0000000000000000     0x1678
 .debug_frame   0x0000000000000000      0x214 Drivers/STM32F4xx_HAL_Driver/Src/stm32f4xx_hal.o
 .debug_frame   0x0000000000000214      0x158 Drivers/STM32F4xx_HAL_Driver/Src/stm32f4xx_hal_cortex.o
 .debug_frame   0x000000000000036c      0x268 Drivers/STM32F4xx_HAL_Driver/Src/stm32f4xx_hal_eth.o
 .debug_frame   0x00000000000005d4       0xd8 Drivers/STM32F4xx_HAL_Driver/Src/stm32f4xx_hal_gpio.o
 .debug_frame   0x00000000000006ac      0x2c4 Drivers/STM32F4xx_HAL_Driver/Src/stm32f4xx_hal_pcd.o
 .debug_frame   0x0000000000000970      0x13c Drivers/STM32F4xx_HAL_Driver/Src/stm32f4xx_hal_rcc.o
 .debug_frame   0x0000000000000aac      0x4a0 Drivers/STM32F4xx_HAL_Driver/Src/stm32f4xx_hal_uart.o
 .debug_frame   0x0000000000000f4c      0x45c Drivers/STM32F4xx_HAL_Driver/Src/stm32f4xx_ll_usb.o
 .debug_frame   0x00000000000013a8       0x80 Src/main.o
 .debug_frame   0x0000000000001428       0xcc Src/stm32f4xx_hal_msp.o
 .debug_frame   0x00000000000014f4       0xa0 Src/stm32f4xx_it.o
 .debug_frame   0x0000000000001594       0x38 Src/system_stm32f4xx.o
 .debug_frame   0x00000000000015cc       0x2c /opt/Atollic_TrueSTUDIO_for_STM32_x86_64_9.3.0/ARMTools/bin/../lib/gcc/arm-atollic-eabi/6.3.1/../../../../arm-atollic-eabi/lib/armv7e-m/fpu/libc_nano.a(lib_a-init.o)
 .debug_frame   0x00000000000015f8       0x20 /opt/Atollic_TrueSTUDIO_for_STM32_x86_64_9.3.0/ARMTools/bin/../lib/gcc/arm-atollic-eabi/6.3.1/../../../../arm-atollic-eabi/lib/armv7e-m/fpu/libc_nano.a(lib_a-memset.o)
 .debug_frame   0x0000000000001618       0x2c /opt/Atollic_TrueSTUDIO_for_STM32_x86_64_9.3.0/ARMTools/bin/../lib/gcc/arm-atollic-eabi/6.3.1/armv7e-m/fpu/libgcc.a(_aeabi_uldivmod.o)
 .debug_frame   0x0000000000001644       0x34 /opt/Atollic_TrueSTUDIO_for_STM32_x86_64_9.3.0/ARMTools/bin/../lib/gcc/arm-atollic-eabi/6.3.1/armv7e-m/fpu/libgcc.a(_udivmoddi4.o)
